[00:52:18] [ServerMain/INFO]: [bootstrap] Running Java 21 (OpenJDK 64-Bit Server VM 21.0.10+7-Ubuntu-124.04; Ubuntu null) on Linux 6.8.0-1044-azure (amd64)
[00:52:18] [ServerMain/INFO]: [bootstrap] Loading Paper 1.21.11-99-main@81b9122 (2026-01-20T19:08:30Z) for Minecraft 1.21.11
[00:52:18] [ServerMain/INFO]: [PluginInitializerManager] Initializing plugins...
[00:52:19] [ServerMain/INFO]: [PluginInitializerManager] Initialized 0 plugins
[00:52:20] [Paper Plugin Remapper Thread - 0/INFO]: [ReobfServer] Remapping server...
[00:52:27] [ServerMain/INFO]: Environment: Environment[sessionHost=https://sessionserver.mojang.com, servicesHost=https://api.minecraftservices.com, profilesHost=https://api.mojang.com, name=PROD]
[00:52:28] [ServerMain/INFO]: Found new data pack file/bukkit, loading it automatically
[00:52:28] [ServerMain/INFO]: Found new data pack paper, loading it automatically
[00:52:29] [Paper Plugin Remapper Thread - 0/INFO]: [ReobfServer] Done remapping server in 9083ms.
[00:52:29] [ServerMain/INFO]: No existing world data, creating new world
[00:52:30] [ServerMain/INFO]: Loaded 1470 recipes
[00:52:30] [ServerMain/INFO]: Loaded 1584 advancements
[00:52:30] [ServerMain/INFO]: [ca.spottedleaf.dataconverter.minecraft.datatypes.MCTypeRegistry] Initialising converters for DataConverter...
[00:52:30] [ServerMain/INFO]: [ca.spottedleaf.dataconverter.minecraft.datatypes.MCTypeRegistry] Finished initialising converters for DataConverter in 439.1ms
[00:52:31] [Server thread/INFO]: Starting minecraft server version 1.21.11
[00:52:31] [Server thread/INFO]: Loading properties
[00:52:31] [Server thread/INFO]: This server is running Paper version 1.21.11-99-main@81b9122 (2026-01-20T19:08:30Z) (Implementing API version 1.21.11-R0.1-SNAPSHOT)
[00:52:31] [Server thread/INFO]: [spark] This server bundles the spark profiler. For more information please visit https://docs.papermc.io/paper/profiling
[00:52:31] [Server thread/INFO]: Server Ping Player Sample Count: 12
[00:52:31] [Server thread/INFO]: Using 4 threads for Netty based IO
[00:52:32] [Server thread/INFO]: [MoonriseCommon] Paper is using 1 worker threads, 1 I/O threads
[00:52:32] [Server thread/INFO]: Default game type: SURVIVAL
[00:52:32] [Server thread/INFO]: Generating keypair
[00:52:32] [Server thread/INFO]: Starting Minecraft server on *:25565
[00:52:32] [Server thread/INFO]: Paper: Using libdeflate (Linux x86_64) compression from Velocity.
[00:52:32] [Server thread/INFO]: Paper: Using OpenSSL 3.x.x (Linux x86_64) cipher from Velocity.
[00:52:32] [Server thread/WARN]: **** SERVER IS RUNNING IN OFFLINE/INSECURE MODE!
[00:52:32] [Server thread/WARN]: The server will make no attempt to authenticate usernames. Beware.
[00:52:32] [Server thread/WARN]: While this makes the game possible to play without internet access, it also opens up the ability for hackers to connect with any username they choose.
[00:52:32] [Server thread/WARN]: To change this, set "online-mode" to "true" in the server.properties file.
[00:52:32] [Server thread/INFO]: Preparing level "world"
[00:52:32] [Server thread/INFO]: [ca.spottedleaf.moonrise.common.util.MoonriseConstants] NUMA enable flag is not set; however there is NUMA interaction support for this OS.
[00:52:32] [Server thread/INFO]: [ca.spottedleaf.moonrise.common.util.MoonriseConstants] Detected 1 NUMA nodes.
[00:52:33] [Server thread/INFO]: Selecting spawn point for world 'minecraft:overworld'...
[00:52:41] [Server thread/INFO]: Selecting spawn point for world 'minecraft:the_nether'...
[00:52:42] [Server thread/INFO]: Selecting spawn point for world 'minecraft:the_end'...
[00:52:42] [Server thread/INFO]: Loading 0 persistent chunks for world 'minecraft:overworld'...
[00:52:42] [Server thread/INFO]: Preparing spawn area: 100%
[00:52:42] [Server thread/INFO]: Prepared spawn area in 9550 ms
[00:52:42] [Server thread/INFO]: Loading 0 persistent chunks for world 'minecraft:the_nether'...
[00:52:42] [Server thread/INFO]: Preparing spawn area: 100%
[00:52:42] [Server thread/INFO]: Prepared spawn area in 1459 ms
[00:52:42] [Server thread/INFO]: Loading 0 persistent chunks for world 'minecraft:the_end'...
[00:52:42] [Server thread/INFO]: Preparing spawn area: 100%
[00:52:42] [Server thread/INFO]: Prepared spawn area in 370 ms
[00:52:42] [Server thread/INFO]: Done preparing level "world" (9.956s)
[00:52:42] [Server thread/INFO]: [spark] Starting background profiler...
[00:52:42] [Server thread/INFO]: Running delayed init tasks
[00:52:42] [Server thread/INFO]: Done (25.133s)! For help, type "help"
[00:52:42] [Server thread/INFO]: *************************************************************************************
[00:52:42] [Server thread/INFO]: This is the first time you're starting this server.
[00:52:42] [Server thread/INFO]: It's recommended you read our 'Getting Started' documentation for guidance.
[00:52:42] [Server thread/INFO]: View this and more helpful information here: https://docs.papermc.io/paper/next-steps
[00:52:42] [Server thread/INFO]: *************************************************************************************
[00:52:43] [Paper Async Task Handler Thread - 1/INFO]: *** Currently you are 31 build(s) behind ***
[00:52:43] [Paper Async Task Handler Thread - 1/INFO]: *** It is highly recommended to download the latest build from https://papermc.io/downloads/paper ***
[00:53:22] [Server thread/INFO]: Stopping server
[00:53:22] [Server thread/INFO]: Saving players
[00:53:22] [Server thread/INFO]: Saving worlds
[00:53:22] [Server thread/INFO]: Saving chunks for level 'ServerLevel[world]'/minecraft:overworld
[00:53:22] [Server thread/INFO]: [ChunkHolderManager] Waiting 60s for chunk system to halt for world 'world'
[00:53:22] [Server thread/INFO]: [ChunkHolderManager] Halted chunk system for world 'world'
[00:53:22] [Server thread/INFO]: [ChunkHolderManager] Saving all chunkholders for world 'world'
[00:53:22] [Server thread/INFO]: [ChunkHolderManager] Saved 0 block chunks, 0 entity chunks, 0 poi chunks in world 'world' in 0.00s
[00:53:22] [Server thread/INFO]: [ChunkHolderManager] Waiting 60s for chunk I/O to halt for world 'world'
[00:53:22] [Server thread/INFO]: [ChunkHolderManager] Halted I/O scheduler for world 'world'
[00:53:22] [Server thread/INFO]: Saving chunks for level 'ServerLevel[world_nether]'/minecraft:the_nether
[00:53:22] [Server thread/INFO]: [ChunkHolderManager] Waiting 60s for chunk system to halt for world 'world_nether'
[00:53:22] [Server thread/INFO]: [ChunkHolderManager] Halted chunk system for world 'world_nether'
[00:53:22] [Server thread/INFO]: [ChunkHolderManager] Saving all chunkholders for world 'world_nether'
[00:53:22] [Server thread/INFO]: [ChunkHolderManager] Saved 0 block chunks, 0 entity chunks, 0 poi chunks in world 'world_nether' in 0.00s
[00:53:22] [Server thread/INFO]: [ChunkHolderManager] Waiting 60s for chunk I/O to halt for world 'world_nether'
[00:53:22] [Server thread/INFO]: [ChunkHolderManager] Halted I/O scheduler for world 'world_nether'
[00:53:22] [Server thread/INFO]: Saving chunks for level 'ServerLevel[world_the_end]'/minecraft:the_end
[00:53:22] [Server thread/INFO]: [ChunkHolderManager] Waiting 60s for chunk system to halt for world 'world_the_end'
[00:53:22] [Server thread/INFO]: [ChunkHolderManager] Halted chunk system for world 'world_the_end'
[00:53:22] [Server thread/INFO]: [ChunkHolderManager] Saving all chunkholders for world 'world_the_end'
[00:53:22] [Server thread/INFO]: [ChunkHolderManager] Saved 0 block chunks, 0 entity chunks, 0 poi chunks in world 'world_the_end' in 0.00s
[00:53:22] [Server thread/INFO]: [ChunkHolderManager] Waiting 60s for chunk I/O to halt for world 'world_the_end'
[00:53:22] [Server thread/INFO]: [ChunkHolderManager] Halted I/O scheduler for world 'world_the_end'
[00:53:22] [Server thread/INFO]: ThreadedAnvilChunkStorage (world): All chunks are saved
[00:53:22] [Server thread/INFO]: ThreadedAnvilChunkStorage (DIM-1): All chunks are saved
[00:53:22] [Server thread/INFO]: ThreadedAnvilChunkStorage (DIM1): All chunks are saved
[00:53:22] [Server thread/INFO]: ThreadedAnvilChunkStorage: All dimensions are saved
[00:53:22] [Server thread/INFO]: Waiting for all RegionFile I/O tasks to complete...
[00:53:22] [Server thread/INFO]: All RegionFile I/O tasks to complete
[00:53:22] [Server thread/INFO]: [MoonriseCommon] Awaiting termination of worker pool for up to 60s...
[00:53:22] [Server thread/INFO]: [MoonriseCommon] Awaiting termination of I/O pool for up to 60s...
